// Jest Snapshot v1, https://goo.gl/fbAQLP

exports[`EmojifyPipe should transform 1`] = `"It's a ðŸš€!"`;
